> 3+4
[1] 7
> 7_9
Error: unexpected input in "7_"
> 7-9
[1] -2
> 2*9
[1] 18
> 3/6
[1] 0.5
> ?exp
> help("exp")
> pi
[1] 3.141593
> e
Error: object 'e' not found
> exp(1)
[1] 2.718282
> log(exp(1))
[1] 1
> log10(10)
[1] 1
> 2^3
[1] 8
> help(sqrt)
> sqrt(25)
[1] 5
> 27^(1/3)
[1] 3
> x=7
> y<-8
> x*y
[1] 56
> z=x*y
> ?c
> v=c(2,4,7,11)
> w=c("Pikachu", "Charmander", "Squirtle", "Balbasaur")
> p=-1:6
> p
[1] -1  0  1  2  3  4  5  6
> p[2]
[1] 0
> p[1]
[1] -1
> p[-1]
[1] 0 1 2 3 4 5 6
> length(p)
[1] 8
> p[length(p)]
[1] 6
> p[2,4]
Error in p[2, 4] : incorrect number of dimensions
> p[c(2,4)]
[1] 0 2
> p[-c(2,4)]
[1] -1  1  3  4  5  6
> exp(p)
[1]   0.3678794   1.0000000   2.7182818   7.3890561  20.0855369
[6]  54.5981500 148.4131591 403.4287935
> 2*p
[1] -2  0  2  4  6  8 10 12
> min(p)
[1] -1
> max(p)
[1] 6
> mean(p)
[1] 2.5
> sd(p)
[1] 2.44949
> p[8]=900
> p
[1]  -1   0   1   2   3   4   5 900
> p[3]=pi
> p
[1]  -1.000000   0.000000   3.141593   2.000000   3.000000   4.000000
[7]   5.000000 900.000000
> v
[1]  2  4  7 11
> p
[1]  -1.000000   0.000000   3.141593   2.000000   3.000000   4.000000
[7]   5.000000 900.000000
> b=c(p,v)
> b
 [1]  -1.000000   0.000000   3.141593   2.000000   3.000000   4.000000
 [7]   5.000000 900.000000   2.000000   4.000000   7.000000  11.000000
> ?append
> append(v, 20)
[1]  2  4  7 11 20
> v
[1]  2  4  7 11
> v=append(v,20)
> v
[1]  2  4  7 11 20
> ?seq
> odds=seq(1,25,2)
> odds
 [1]  1  3  5  7  9 11 13 15 17 19 21 23 25
> evens(2, 37, 2)
Error in evens(2, 37, 2) : could not find function "evens"
> evens=seq(2, 37, 2)
> evens
 [1]  2  4  6  8 10 12 14 16 18 20 22 24 26 28 30 32 34 36
> mesh=seq(0,2,0.1)
> mesh
 [1] 0.0 0.1 0.2 0.3 0.4 0.5 0.6 0.7 0.8 0.9 1.0 1.1 1.2 1.3 1.4 1.5
[17] 1.6 1.7 1.8 1.9 2.0
> mesh=seq(0,2,0.01)
> mesh
  [1] 0.00 0.01 0.02 0.03 0.04 0.05 0.06 0.07 0.08 0.09 0.10 0.11 0.12
 [14] 0.13 0.14 0.15 0.16 0.17 0.18 0.19 0.20 0.21 0.22 0.23 0.24 0.25
 [27] 0.26 0.27 0.28 0.29 0.30 0.31 0.32 0.33 0.34 0.35 0.36 0.37 0.38
 [40] 0.39 0.40 0.41 0.42 0.43 0.44 0.45 0.46 0.47 0.48 0.49 0.50 0.51
 [53] 0.52 0.53 0.54 0.55 0.56 0.57 0.58 0.59 0.60 0.61 0.62 0.63 0.64
 [66] 0.65 0.66 0.67 0.68 0.69 0.70 0.71 0.72 0.73 0.74 0.75 0.76 0.77
 [79] 0.78 0.79 0.80 0.81 0.82 0.83 0.84 0.85 0.86 0.87 0.88 0.89 0.90
 [92] 0.91 0.92 0.93 0.94 0.95 0.96 0.97 0.98 0.99
 [ reached getOption("max.print") -- omitted 101 entries ]
> exp(mesh)
  [1] 1.000000 1.010050 1.020201 1.030455 1.040811 1.051271 1.061837
  [8] 1.072508 1.083287 1.094174 1.105171 1.116278 1.127497 1.138828
 [15] 1.150274 1.161834 1.173511 1.185305 1.197217 1.209250 1.221403
 [22] 1.233678 1.246077 1.258600 1.271249 1.284025 1.296930 1.309964
 [29] 1.323130 1.336427 1.349859 1.363425 1.377128 1.390968 1.404948
 [36] 1.419068 1.433329 1.447735 1.462285 1.476981 1.491825 1.506818
 [43] 1.521962 1.537258 1.552707 1.568312 1.584074 1.599994 1.616074
 [50] 1.632316 1.648721 1.665291 1.682028 1.698932 1.716007 1.733253
 [57] 1.750673 1.768267 1.786038 1.803988 1.822119 1.840431 1.858928
 [64] 1.877611 1.896481 1.915541 1.934792 1.954237 1.973878 1.993716
 [71] 2.013753 2.033991 2.054433 2.075081 2.095936 2.117000 2.138276
 [78] 2.159766 2.181472 2.203396 2.225541 2.247908 2.270500 2.293319
 [85] 2.316367 2.339647 2.363161 2.386911 2.410900 2.435130 2.459603
 [92] 2.484323 2.509290 2.534509 2.559981 2.585710 2.611696 2.637944
 [99] 2.664456 2.691234
 [ reached getOption("max.print") -- omitted 101 entries ]
> ?plot
> plot(mesh, exp(mesh))
> plot(mesh, exp(mesh), type="l")
> plot(mesh, exp(mesh), type="l", lwd=2, col="blue")
> plot(odds)
> plot(odds, odds^2)
> plot(odds, odds^2, pch=19)
> plot(odds, odds^2, pch=24)
> plot(odds, odds^2, pch=20)
> f=c(1,2,3,4,5)
> g=c(10,20,30,40,50)
> f-g
[1]  -9 -18 -27 -36 -45
> f*g
[1]  10  40  90 160 250
> f+g
[1] 11 22 33 44 55
> g/f
[1] 10 10 10 10 10
> k=1:8
> j=c(1,4)
> k+j
[1]  2  6  4  8  6 10  8 12
> 5*k
[1]  5 10 15 20 25 30 35 40
> f+j
[1] 2 6 4 8 6
Warning message:
In f + j : longer object length is not a multiple of shorter object length
> m=k+j
> m
[1]  2  6  4  8  6 10  8 12
> m>5
[1] FALSE  TRUE FALSE  TRUE  TRUE  TRUE  TRUE  TRUE
> m[c(2,3)]
[1] 6 4
> m[m>5]
[1]  6  8  6 10  8 12
> mean(m>5)
[1] 0.75
> ?setwd
> setwd("~/")
> setwd("~/teaching/2024/fall/m339d/in-class-R/")
