> 3+4
[1] 7
> 7-9
[1] -2
> 2*3
[1] 6
> 2/4
[1] 0.5
> ?exp
> e
Error: object 'e' not found
> exp(1)
[1] 2.718282
> log(10)
[1] 2.302585
> log10(10)
[1] 1
> 3^2
[1] 9
> 2^3*11*23
[1] 2024
> help(sqrt)
> sqrt(36)
[1] 6
> 27^(1/3)
[1] 3
> x<-7
> x<-7
> y=5
> x*y
[1] 35
> z=x*y
> v=c("Pikachu", "Bulbasaur", "Squirtle", "Charmander")
> w=c(2,5,6,90)
> a=-1:6
> a
[1] -1  0  1  2  3  4  5  6
> a[2]
[1] 0
> a[1]
[1] -1
> n=length(a)
> a[n]
[1] 6
> a[-1]
[1] 0 1 2 3 4 5 6
> n*2
[1] 16
> a[2,4]
Error in a[2, 4] : incorrect number of dimensions
> a[c(2,4)]
[1] 0 2
> a[-c(3,5)]
[1] -1  0  2  4  5  6
> min(w)
[1] 2
> max(v)
[1] "Squirtle"
> mean(w)
[1] 25.75
> a
[1] -1  0  1  2  3  4  5  6
> a[4]=900
> a
[1]  -1   0   1 900   3   4   5   6
> b=c(a,45)
> b
[1]  -1   0   1 900   3   4   5   6  45
> ?append
> append(a, 89)
[1]  -1   0   1 900   3   4   5   6  89
> a
[1]  -1   0   1 900   3   4   5   6
> a=append(a, 89)
> a
[1]  -1   0   1 900   3   4   5   6  89
> c=1:4
> d=7:9
> f=c(c,d)
> f
[1] 1 2 3 4 7 8 9
> ?seq
> odds=seq(1,25,2)
> odds
 [1]  1  3  5  7  9 11 13 15 17 19 21 23 25
> mesh=seq(0,2,0.02)
> 
> mesh
  [1] 0.00 0.02 0.04 0.06 0.08 0.10 0.12 0.14 0.16 0.18 0.20 0.22 0.24
 [14] 0.26 0.28 0.30 0.32 0.34 0.36 0.38 0.40 0.42 0.44 0.46 0.48 0.50
 [27] 0.52 0.54 0.56 0.58 0.60 0.62 0.64 0.66 0.68 0.70 0.72 0.74 0.76
 [40] 0.78 0.80 0.82 0.84 0.86 0.88 0.90 0.92 0.94 0.96 0.98 1.00 1.02
 [53] 1.04 1.06 1.08 1.10 1.12 1.14 1.16 1.18 1.20 1.22 1.24 1.26 1.28
 [66] 1.30 1.32 1.34 1.36 1.38 1.40 1.42 1.44 1.46 1.48 1.50 1.52 1.54
 [79] 1.56 1.58 1.60 1.62 1.64 1.66 1.68 1.70 1.72 1.74 1.76 1.78 1.80
 [92] 1.82 1.84 1.86 1.88 1.90 1.92 1.94 1.96 1.98 2.00
> exp(mesh)
  [1] 1.000000 1.020201 1.040811 1.061837 1.083287 1.105171 1.127497
  [8] 1.150274 1.173511 1.197217 1.221403 1.246077 1.271249 1.296930
 [15] 1.323130 1.349859 1.377128 1.404948 1.433329 1.462285 1.491825
 [22] 1.521962 1.552707 1.584074 1.616074 1.648721 1.682028 1.716007
 [29] 1.750673 1.786038 1.822119 1.858928 1.896481 1.934792 1.973878
 [36] 2.013753 2.054433 2.095936 2.138276 2.181472 2.225541 2.270500
 [43] 2.316367 2.363161 2.410900 2.459603 2.509290 2.559981 2.611696
 [50] 2.664456 2.718282 2.773195 2.829217 2.886371 2.944680 3.004166
 [57] 3.064854 3.126768 3.189933 3.254374 3.320117 3.387188 3.455613
 [64] 3.525421 3.596640 3.669297 3.743421 3.819044 3.896193 3.974902
 [71] 4.055200 4.137120 4.220696 4.305960 4.392946 4.481689 4.572225
 [78] 4.664590 4.758821 4.854956 4.953032 5.053090 5.155170 5.259311
 [85] 5.365556 5.473947 5.584528 5.697343 5.812437 5.929856 6.049647
 [92] 6.171858 6.296538 6.423737 6.553505 6.685894 6.820958 6.958751
 [99] 7.099327 7.242743 7.389056
> plot(mesh, exp(mesh))
> plot(mesh, exp(mesh), pch=19)
> plot(mesh, exp(mesh), pch=24)
> plot(mesh, exp(mesh), pch=19)
> print((odds)^2)
 [1]   1   9  25  49  81 121 169 225 289 361 441 529 625
> h=1:9
> j=seq(1,19,2)
> j
 [1]  1  3  5  7  9 11 13 15 17 19
> j=seq(1,17,2)
> h-j
[1]  0 -1 -2 -3 -4 -5 -6 -7 -8
> 2*h
[1]  2  4  6  8 10 12 14 16 18
> k=5:7
> k
[1] 5 6 7
> h
[1] 1 2 3 4 5 6 7 8 9
> h*k
[1]  5 12 21 20 30 42 35 48 63
> l=c(6,8)
> h*l
[1]  6 16 18 32 30 48 42 64 54
Warning message:
In h * l : longer object length is not a multiple of shorter object length
> a
[1]  -1   0   1 900   3   4   5   6  89
> a>5
[1] FALSE FALSE FALSE  TRUE FALSE FALSE FALSE  TRUE  TRUE
> a[a>5]
[1] 900   6  89
> ind=a>5
> mean(ind)
[1] 0.3333333
